<!DOCTYPE html>
<html>
<body>
  <main>
    <ul>
      <li>
        <a href="/library/llama3">llama3</a>
      </li>
      <li>
        <a href="/library/llama3.1">llama3.1</a>
      </li>
      <li>
        <a href="/library/mistral">mistral</a>
      </li>
      <li>
        <a href="/library/qwen2.5">qwen2.5</a>
      </li>
      <li>
        <a href="/library/gemma3">gemma3</a>
      </li>
    </ul>
  </main>
</body>
</html>
